📂 检测到已有测试样本（共 21 个），直接使用：/home/cagalii/Application/ion_detect/datasets/datasets_for_all_test/20260305a
Skipping file 20240822_10ppm铜离子污染测试_新版电解槽_ion_column_gamry_[54, 56, 58, 60].xlsx: impedance points 54 < 63
Skipping file 20240822_10ppm铜离子污染测试_新版电解槽_ion_column_gamry_[48, 50, 52, 54].xlsx: impedance points 54 < 63
Skipping file 20240822_10ppm铜离子污染测试_新版电解槽_ion_column_gamry_[40, 42, 44, 46].xlsx: impedance points 54 < 63
Skipping file 20240822_10ppm铜离子污染测试_新版电解槽_ion_column_gamry_[32, 34, 36, 38].xlsx: impedance points 54 < 63
Skipping file 20240822_10ppm铜离子污染测试_新版电解槽_ion_column_gamry_[30, 32, 34, 36].xlsx: impedance points 54 < 63
Skipping file 20240822_10ppm铜离子污染测试_新版电解槽_ion_column_gamry_[28, 30, 32, 34].xlsx: impedance points 54 < 63
Skipping file 20240822_10ppm铜离子污染测试_新版电解槽_ion_column_gamry_[52, 54, 56, 58].xlsx: impedance points 54 < 63
Skipping file 20240822_10ppm铜离子污染测试_新版电解槽_ion_column_gamry_[42, 44, 46, 48].xlsx: impedance points 54 < 63
Skipping file 20240822_10ppm铜离子污染测试_新版电解槽_ion_column_gamry_[38, 40, 42, 44].xlsx: impedance points 54 < 63
Skipping file 20240822_10ppm铜离子污染测试_新版电解槽_ion_column_gamry_[22, 24, 26, 28].xlsx: impedance points 54 < 63
Skipping file 20240822_10ppm铜离子污染测试_新版电解槽_ion_column_gamry_[20, 22, 24, 26].xlsx: impedance points 54 < 63
Skipping file 20240822_10ppm铜离子污染测试_新版电解槽_ion_column_gamry_[34, 36, 38, 40].xlsx: impedance points 54 < 63
Skipping file 20240822_10ppm铜离子污染测试_新版电解槽_ion_column_gamry_[44, 46, 48, 50].xlsx: impedance points 54 < 63
Skipping file 20240822_10ppm铜离子污染测试_新版电解槽_ion_column_gamry_[56, 58, 60, 62].xlsx: impedance points 54 < 63
Skipping file 20240822_10ppm铜离子污染测试_新版电解槽_ion_column_gamry_[26, 28, 30, 32].xlsx: impedance points 54 < 63
Skipping file 20240822_10ppm铜离子污染测试_新版电解槽_ion_column_gamry_[24, 26, 28, 30].xlsx: impedance points 54 < 63
Skipping file 20240822_10ppm铜离子污染测试_新版电解槽_ion_column_gamry_[36, 38, 40, 42].xlsx: impedance points 54 < 63
Skipping file 20240822_10ppm铜离子污染测试_新版电解槽_ion_column_gamry_[46, 48, 50, 52].xlsx: impedance points 54 < 63
Skipping file 20240822_10ppm铜离子污染测试_新版电解槽_ion_column_gamry_[50, 52, 54, 56].xlsx: impedance points 54 < 63

--- 详细测试结果 (样本名, 真实, 预测, 正确) ---
  20240827_10ppm铬离子污染和恢复测试_新版电解槽_ion_gamry_[12, 14, 16, 18].xlsx	Cr3+_ion	Cr3+_ion	是
  20240831_10ppm镍离子污染测试_新版电解槽_ion_gamry_[0, 2, 4, 6].xlsx	Ni2+_ion	Fe3+_ion	否
  20240907_10ppm铁离子污染测试_新版电解槽_ion_gamry_[12, 14, 16, 18].xlsx	Fe3+_ion	Fe3+_ion	是
  20240823_10ppm钙离子污染和恢复测试_新版电解槽_ion_gamry_[0, 2, 4, 6].xlsx	Ca2+_ion	Ca2+_ion	是
  20240907_10ppm铁离子污染测试_新版电解槽_ion_gamry_[0, 2, 4, 6].xlsx	Fe3+_ion	no_ion	否
  20240822_10ppm铜离子污染测试_新版电解槽_ion_gamry_[12, 14, 16, 18].xlsx	Cu2+_ion	Cu2+_ion	是
  20240822_10ppm铜离子污染测试_新版电解槽_ion_gamry_[0, 2, 4, 6].xlsx	Cu2+_ion	Cu2+_ion	是
  20240827_10ppm铬离子污染和恢复测试_新版电解槽_ion_gamry_[10, 12, 14, 16].xlsx	Cr3+_ion	Cr3+_ion	是
  20240822_10ppm铜离子污染测试_新版电解槽_ion_column_gamry_[0, 2, 4, 6].xlsx	no_ion	no_ion	是
  20240831_10ppm镍离子污染测试_新版电解槽_ion_gamry_[10, 12, 14, 16].xlsx	Ni2+_ion	Cu2+_ion	否
  20241010_2ppm钠离子污染测试_新版电解槽_ion_firecloud_[10, 12, 14, 16].xlsx	Na+_ion	Na+_ion	是
  20240822_10ppm铜离子污染测试_新版电解槽_ion_gamry_[10, 12, 14, 16].xlsx	Cu2+_ion	Cu2+_ion	是
  20240907_10ppm铁离子污染测试_新版电解槽_ion_gamry_[10, 12, 14, 16].xlsx	Fe3+_ion	Fe3+_ion	是
  20240827_10ppm铬离子污染和恢复测试_新版电解槽_ion_gamry_[0, 2, 4, 6].xlsx	Cr3+_ion	Cr3+_ion	是
  20240822_10ppm铜离子污染测试_新版电解槽_ion_column_gamry_[12, 14, 16, 18].xlsx	no_ion	no_ion	是
  20240823_10ppm钙离子污染和恢复测试_新版电解槽_ion_gamry_[12, 14, 16, 18].xlsx	Ca2+_ion	Ni2+_ion	否
  20241010_2ppm钠离子污染测试_新版电解槽_ion_firecloud_[0, 2, 4, 6].xlsx	Na+_ion	no_ion	否
  20241010_2ppm钠离子污染测试_新版电解槽_ion_firecloud_[12, 14, 16, 18].xlsx	Na+_ion	Na+_ion	是
  20240823_10ppm钙离子污染和恢复测试_新版电解槽_ion_gamry_[10, 12, 14, 16].xlsx	Ca2+_ion	Ca2+_ion	是
  20240831_10ppm镍离子污染测试_新版电解槽_ion_gamry_[12, 14, 16, 18].xlsx	Ni2+_ion	Cu2+_ion	否
  20240822_10ppm铜离子污染测试_新版电解槽_ion_column_gamry_[10, 12, 14, 16].xlsx	no_ion	no_ion	是

--- SVM 基线 (EIS+电压 工程特征) ---
  准确率 (Accuracy):  0.7143
  精确率 (Precision): 0.6952
  召回率 (Recall):    0.7143
  F1 分数 (F1):       0.6810

  详细结果已保存: output/svm_test_results.csv
